[2022-06-15T10:16:14.852+0500][gc,heap] Heap region size: 1M
[2022-06-15T10:16:14.914+0500][gc     ] Using G1
[2022-06-15T10:16:14.914+0500][gc,heap,coops] Heap address: 0x00000000c0000000, size: 1024 MB, Compressed Oops mode: 32-bit
[2022-06-15T10:16:14.916+0500][gc,cds       ] Mark closed archive regions in map: [0x00000000fff00000, 0x00000000fff6aff8]
[2022-06-15T10:16:14.916+0500][gc,cds       ] Mark open archive regions in map: [0x00000000ffe00000, 0x00000000ffe46ff8]
[2022-06-15T10:16:21.186+0500][gc,start     ] GC(0) Pause Young (Normal) (G1 Evacuation Pause)
[2022-06-15T10:16:21.188+0500][gc,task      ] GC(0) Using 4 workers of 4 for evacuation
[2022-06-15T10:16:21.319+0500][gc,mmu       ] GC(0) MMU target violated: 21.0ms (20.0ms/21.0ms)
[2022-06-15T10:16:21.319+0500][gc,phases    ] GC(0)   Pre Evacuate Collection Set: 0.1ms
[2022-06-15T10:16:21.319+0500][gc,phases    ] GC(0)   Evacuate Collection Set: 127.3ms
[2022-06-15T10:16:21.319+0500][gc,phases    ] GC(0)   Post Evacuate Collection Set: 2.5ms
[2022-06-15T10:16:21.319+0500][gc,phases    ] GC(0)   Other: 3.0ms
[2022-06-15T10:16:21.319+0500][gc,heap      ] GC(0) Eden regions: 51->0(44)
[2022-06-15T10:16:21.319+0500][gc,heap      ] GC(0) Survivor regions: 0->7(7)
[2022-06-15T10:16:21.319+0500][gc,heap      ] GC(0) Old regions: 2->2
[2022-06-15T10:16:21.320+0500][gc,heap      ] GC(0) Humongous regions: 0->0
[2022-06-15T10:16:21.320+0500][gc,metaspace ] GC(0) Metaspace: 14689K->14689K(1062912K)
[2022-06-15T10:16:21.320+0500][gc           ] GC(0) Pause Young (Normal) (G1 Evacuation Pause) 51M->7M(1024M) 133.505ms
[2022-06-15T10:16:21.320+0500][gc,cpu       ] GC(0) User=0.38s Sys=0.03s Real=0.13s
[2022-06-15T10:16:23.949+0500][gc,start     ] GC(1) Pause Young (Concurrent Start) (Metadata GC Threshold)
[2022-06-15T10:16:23.949+0500][gc,task      ] GC(1) Using 4 workers of 4 for evacuation
[2022-06-15T10:16:24.047+0500][gc,mmu       ] GC(1) MMU target violated: 21.0ms (20.0ms/21.0ms)
[2022-06-15T10:16:24.047+0500][gc,phases    ] GC(1)   Pre Evacuate Collection Set: 0.1ms
[2022-06-15T10:16:24.047+0500][gc,phases    ] GC(1)   Evacuate Collection Set: 95.3ms
[2022-06-15T10:16:24.048+0500][gc,phases    ] GC(1)   Post Evacuate Collection Set: 1.7ms
[2022-06-15T10:16:24.048+0500][gc,phases    ] GC(1)   Other: 1.2ms
[2022-06-15T10:16:24.048+0500][gc,heap      ] GC(1) Eden regions: 24->0(50)
[2022-06-15T10:16:24.048+0500][gc,heap      ] GC(1) Survivor regions: 7->1(7)
[2022-06-15T10:16:24.048+0500][gc,heap      ] GC(1) Old regions: 2->9
[2022-06-15T10:16:24.048+0500][gc,heap      ] GC(1) Humongous regions: 0->0
[2022-06-15T10:16:24.048+0500][gc,metaspace ] GC(1) Metaspace: 20563K->20563K(1067008K)
[2022-06-15T10:16:24.048+0500][gc           ] GC(1) Pause Young (Concurrent Start) (Metadata GC Threshold) 30M->8M(1024M) 98.658ms
[2022-06-15T10:16:24.048+0500][gc,cpu       ] GC(1) User=0.35s Sys=0.02s Real=0.10s
[2022-06-15T10:16:24.048+0500][gc           ] GC(2) Concurrent Cycle
[2022-06-15T10:16:24.048+0500][gc,marking   ] GC(2) Concurrent Clear Claimed Marks
[2022-06-15T10:16:24.048+0500][gc,marking   ] GC(2) Concurrent Clear Claimed Marks 0.144ms
[2022-06-15T10:16:24.048+0500][gc,marking   ] GC(2) Concurrent Scan Root Regions
[2022-06-15T10:16:24.056+0500][gc,marking   ] GC(2) Concurrent Scan Root Regions 7.921ms
[2022-06-15T10:16:24.057+0500][gc,marking   ] GC(2) Concurrent Mark (9.242s)
[2022-06-15T10:16:24.057+0500][gc,marking   ] GC(2) Concurrent Mark From Roots
[2022-06-15T10:16:24.057+0500][gc,task      ] GC(2) Using 1 workers of 1 for marking
[2022-06-15T10:16:24.149+0500][gc,marking   ] GC(2) Concurrent Mark From Roots 92.761ms
[2022-06-15T10:16:24.150+0500][gc,marking   ] GC(2) Concurrent Preclean
[2022-06-15T10:16:24.150+0500][gc,marking   ] GC(2) Concurrent Preclean 0.779ms
[2022-06-15T10:16:24.150+0500][gc,marking   ] GC(2) Concurrent Mark (9.242s, 9.336s) 93.928ms
[2022-06-15T10:16:24.152+0500][gc,start     ] GC(2) Pause Remark
[2022-06-15T10:16:24.175+0500][gc,stringtable] GC(2) Cleaned string and symbol table, strings: 5175 processed, 0 removed, symbols: 51139 processed, 45 removed
[2022-06-15T10:16:24.176+0500][gc,mmu        ] GC(2) MMU target violated: 21.0ms (20.0ms/21.0ms)
[2022-06-15T10:16:24.177+0500][gc            ] GC(2) Pause Remark 10M->10M(1024M) 24.233ms
[2022-06-15T10:16:24.177+0500][gc,cpu        ] GC(2) User=0.06s Sys=0.00s Real=0.02s
[2022-06-15T10:16:24.177+0500][gc,marking    ] GC(2) Concurrent Rebuild Remembered Sets
[2022-06-15T10:16:24.217+0500][gc,marking    ] GC(2) Concurrent Rebuild Remembered Sets 40.323ms
[2022-06-15T10:16:24.218+0500][gc,start      ] GC(2) Pause Cleanup
[2022-06-15T10:16:24.219+0500][gc            ] GC(2) Pause Cleanup 10M->10M(1024M) 1.194ms
[2022-06-15T10:16:24.220+0500][gc,cpu        ] GC(2) User=0.01s Sys=0.00s Real=0.00s
[2022-06-15T10:16:24.220+0500][gc,marking    ] GC(2) Concurrent Cleanup for Next Mark
[2022-06-15T10:16:24.285+0500][gc,marking    ] GC(2) Concurrent Cleanup for Next Mark 65.664ms
[2022-06-15T10:16:24.286+0500][gc            ] GC(2) Concurrent Cycle 237.428ms
[2022-06-15T10:16:28.679+0500][gc,start      ] GC(3) Pause Young (Normal) (G1 Evacuation Pause)
[2022-06-15T10:16:28.679+0500][gc,task       ] GC(3) Using 4 workers of 4 for evacuation
[2022-06-15T10:16:28.755+0500][gc,mmu        ] GC(3) MMU target violated: 21.0ms (20.0ms/21.0ms)
[2022-06-15T10:16:28.755+0500][gc,phases     ] GC(3)   Pre Evacuate Collection Set: 0.1ms
[2022-06-15T10:16:28.755+0500][gc,phases     ] GC(3)   Evacuate Collection Set: 73.6ms
[2022-06-15T10:16:28.755+0500][gc,phases     ] GC(3)   Post Evacuate Collection Set: 1.7ms
[2022-06-15T10:16:28.756+0500][gc,phases     ] GC(3)   Other: 1.0ms
[2022-06-15T10:16:28.756+0500][gc,heap       ] GC(3) Eden regions: 50->0(46)
[2022-06-15T10:16:28.756+0500][gc,heap       ] GC(3) Survivor regions: 1->5(7)
[2022-06-15T10:16:28.756+0500][gc,heap       ] GC(3) Old regions: 9->9
[2022-06-15T10:16:28.756+0500][gc,heap       ] GC(3) Humongous regions: 129->129
[2022-06-15T10:16:28.756+0500][gc,metaspace  ] GC(3) Metaspace: 29011K->29011K(1075200K)
[2022-06-15T10:16:28.756+0500][gc            ] GC(3) Pause Young (Normal) (G1 Evacuation Pause) 187M->140M(1024M) 76.811ms
[2022-06-15T10:16:28.756+0500][gc,cpu        ] GC(3) User=0.22s Sys=0.00s Real=0.07s
[2022-06-15T10:16:30.637+0500][gc,start      ] GC(4) Pause Young (Concurrent Start) (Metadata GC Threshold)
[2022-06-15T10:16:30.637+0500][gc,task       ] GC(4) Using 4 workers of 4 for evacuation
[2022-06-15T10:16:30.720+0500][gc,mmu        ] GC(4) MMU target violated: 21.0ms (20.0ms/21.0ms)
[2022-06-15T10:16:30.721+0500][gc,phases     ] GC(4)   Pre Evacuate Collection Set: 0.3ms
[2022-06-15T10:16:30.721+0500][gc,phases     ] GC(4)   Evacuate Collection Set: 77.1ms
[2022-06-15T10:16:30.721+0500][gc,phases     ] GC(4)   Post Evacuate Collection Set: 2.7ms
[2022-06-15T10:16:30.721+0500][gc,phases     ] GC(4)   Other: 3.5ms
[2022-06-15T10:16:30.721+0500][gc,heap       ] GC(4) Eden regions: 27->0(49)
[2022-06-15T10:16:30.721+0500][gc,heap       ] GC(4) Survivor regions: 5->2(7)
[2022-06-15T10:16:30.721+0500][gc,heap       ] GC(4) Old regions: 9->13
[2022-06-15T10:16:30.721+0500][gc,heap       ] GC(4) Humongous regions: 129->129
[2022-06-15T10:16:30.721+0500][gc,metaspace  ] GC(4) Metaspace: 34366K->34366K(1081344K)
[2022-06-15T10:16:30.721+0500][gc            ] GC(4) Pause Young (Concurrent Start) (Metadata GC Threshold) 166M->142M(1024M) 84.292ms
[2022-06-15T10:16:30.721+0500][gc,cpu        ] GC(4) User=0.17s Sys=0.01s Real=0.09s
[2022-06-15T10:16:30.722+0500][gc            ] GC(5) Concurrent Cycle
[2022-06-15T10:16:30.722+0500][gc,marking    ] GC(5) Concurrent Clear Claimed Marks
[2022-06-15T10:16:30.722+0500][gc,marking    ] GC(5) Concurrent Clear Claimed Marks 0.345ms
[2022-06-15T10:16:30.722+0500][gc,marking    ] GC(5) Concurrent Scan Root Regions
[2022-06-15T10:16:30.790+0500][gc,marking    ] GC(5) Concurrent Scan Root Regions 67.449ms
[2022-06-15T10:16:30.790+0500][gc,marking    ] GC(5) Concurrent Mark (15.975s)
[2022-06-15T10:16:30.790+0500][gc,marking    ] GC(5) Concurrent Mark From Roots
[2022-06-15T10:16:30.790+0500][gc,task       ] GC(5) Using 1 workers of 1 for marking
[2022-06-15T10:16:31.159+0500][gc,marking    ] GC(5) Concurrent Mark From Roots 368.939ms
[2022-06-15T10:16:31.159+0500][gc,marking    ] GC(5) Concurrent Preclean
[2022-06-15T10:16:31.160+0500][gc,marking    ] GC(5) Concurrent Preclean 0.632ms
[2022-06-15T10:16:31.160+0500][gc,marking    ] GC(5) Concurrent Mark (15.975s, 16.345s) 370.007ms
[2022-06-15T10:16:31.164+0500][gc,start      ] GC(5) Pause Remark
[2022-06-15T10:16:31.199+0500][gc,stringtable] GC(5) Cleaned string and symbol table, strings: 10350 processed, 10 removed, symbols: 83790 processed, 13 removed
[2022-06-15T10:16:31.201+0500][gc,mmu        ] GC(5) MMU target violated: 21.0ms (20.0ms/21.0ms)
[2022-06-15T10:16:31.201+0500][gc            ] GC(5) Pause Remark 148M->148M(1024M) 37.285ms
[2022-06-15T10:16:31.201+0500][gc,cpu        ] GC(5) User=0.09s Sys=0.01s Real=0.04s
[2022-06-15T10:16:31.202+0500][gc,marking    ] GC(5) Concurrent Rebuild Remembered Sets
[2022-06-15T10:16:31.302+0500][gc,marking    ] GC(5) Concurrent Rebuild Remembered Sets 100.103ms
[2022-06-15T10:16:31.307+0500][gc,start      ] GC(5) Pause Cleanup
[2022-06-15T10:16:31.308+0500][gc            ] GC(5) Pause Cleanup 150M->150M(1024M) 1.249ms
[2022-06-15T10:16:31.308+0500][gc,cpu        ] GC(5) User=0.00s Sys=0.00s Real=0.00s
[2022-06-15T10:16:31.308+0500][gc,marking    ] GC(5) Concurrent Cleanup for Next Mark
[2022-06-15T10:16:31.402+0500][gc,marking    ] GC(5) Concurrent Cleanup for Next Mark 93.378ms
[2022-06-15T10:16:31.402+0500][gc            ] GC(5) Concurrent Cycle 680.318ms
[2022-06-15T10:33:49.009+0500][gc,start      ] GC(6) Pause Young (Concurrent Start) (G1 Evacuation Pause)
[2022-06-15T10:33:49.009+0500][gc,task       ] GC(6) Using 4 workers of 4 for evacuation
[2022-06-15T10:33:49.108+0500][gc,mmu        ] GC(6) MMU target violated: 21.0ms (20.0ms/21.0ms)
[2022-06-15T10:33:49.108+0500][gc,phases     ] GC(6)   Pre Evacuate Collection Set: 0.5ms
[2022-06-15T10:33:49.108+0500][gc,phases     ] GC(6)   Evacuate Collection Set: 93.3ms
[2022-06-15T10:33:49.108+0500][gc,phases     ] GC(6)   Post Evacuate Collection Set: 3.8ms
[2022-06-15T10:33:49.108+0500][gc,phases     ] GC(6)   Other: 1.9ms
[2022-06-15T10:33:49.108+0500][gc,heap       ] GC(6) Eden regions: 49->0(47)
[2022-06-15T10:33:49.108+0500][gc,heap       ] GC(6) Survivor regions: 2->4(7)
[2022-06-15T10:33:49.109+0500][gc,heap       ] GC(6) Old regions: 13->13
[2022-06-15T10:33:49.109+0500][gc,heap       ] GC(6) Humongous regions: 129->129
[2022-06-15T10:33:49.109+0500][gc,metaspace  ] GC(6) Metaspace: 41021K->41021K(1087488K)
[2022-06-15T10:33:49.109+0500][gc            ] GC(6) Pause Young (Concurrent Start) (G1 Evacuation Pause) 191M->144M(1024M) 100.076ms
[2022-06-15T10:33:49.109+0500][gc,cpu        ] GC(6) User=0.26s Sys=0.01s Real=0.10s
[2022-06-15T10:33:49.109+0500][gc            ] GC(7) Concurrent Cycle
[2022-06-15T10:33:49.109+0500][gc,marking    ] GC(7) Concurrent Clear Claimed Marks
[2022-06-15T10:33:49.110+0500][gc,marking    ] GC(7) Concurrent Clear Claimed Marks 0.611ms
[2022-06-15T10:33:49.110+0500][gc,marking    ] GC(7) Concurrent Scan Root Regions
[2022-06-15T10:33:49.172+0500][gc,marking    ] GC(7) Concurrent Scan Root Regions 61.650ms
[2022-06-15T10:33:49.172+0500][gc,marking    ] GC(7) Concurrent Mark (1054.357s)
[2022-06-15T10:33:49.172+0500][gc,marking    ] GC(7) Concurrent Mark From Roots
[2022-06-15T10:33:49.172+0500][gc,task       ] GC(7) Using 1 workers of 1 for marking
[2022-06-15T10:33:49.511+0500][gc,marking    ] GC(7) Concurrent Mark From Roots 339.682ms
[2022-06-15T10:33:49.512+0500][gc,marking    ] GC(7) Concurrent Preclean
[2022-06-15T10:33:49.513+0500][gc,marking    ] GC(7) Concurrent Preclean 1.547ms
[2022-06-15T10:33:49.513+0500][gc,marking    ] GC(7) Concurrent Mark (1054.357s, 1054.699s) 341.612ms
[2022-06-15T10:33:49.516+0500][gc,start      ] GC(7) Pause Remark
[2022-06-15T10:33:49.581+0500][gc,stringtable] GC(7) Cleaned string and symbol table, strings: 11502 processed, 321 removed, symbols: 90411 processed, 7 removed
[2022-06-15T10:33:49.584+0500][gc,mmu        ] GC(7) MMU target violated: 21.0ms (20.0ms/21.0ms)
[2022-06-15T10:33:49.584+0500][gc            ] GC(7) Pause Remark 146M->146M(1024M) 68.076ms
[2022-06-15T10:33:49.584+0500][gc,cpu        ] GC(7) User=0.13s Sys=0.00s Real=0.07s
[2022-06-15T10:33:49.584+0500][gc,marking    ] GC(7) Concurrent Rebuild Remembered Sets
[2022-06-15T10:33:49.707+0500][gc,marking    ] GC(7) Concurrent Rebuild Remembered Sets 122.329ms
[2022-06-15T10:33:49.708+0500][gc,start      ] GC(7) Pause Cleanup
[2022-06-15T10:33:49.714+0500][gc            ] GC(7) Pause Cleanup 146M->146M(1024M) 6.122ms
[2022-06-15T10:33:49.715+0500][gc,cpu        ] GC(7) User=0.01s Sys=0.00s Real=0.00s
[2022-06-15T10:33:49.715+0500][gc,marking    ] GC(7) Concurrent Cleanup for Next Mark
[2022-06-15T10:33:49.722+0500][gc,marking    ] GC(7) Concurrent Cleanup for Next Mark 7.450ms
[2022-06-15T10:33:49.723+0500][gc            ] GC(7) Concurrent Cycle 613.595ms
